// Jest Snapshot v1, https://goo.gl/fbAQLP

exports[`CtaButton should pass children and all the other props on MUI Button 1`] = `
<div>
  <button
    class="MuiButtonBase-root MuiButton-root MuiButton-contained MuiButton-containedSuccess MuiButton-sizeLarge MuiButton-containedSizeLarge MuiButton-root MuiButton-contained MuiButton-containedSuccess MuiButton-sizeLarge MuiButton-containedSizeLarge css-mkazzp-MuiButtonBase-root-MuiButton-root"
    data-foo="bar"
    tabindex="0"
    type="button"
  >
    Click Me
    <span
      class="MuiTouchRipple-root css-8je8zh-MuiTouchRipple-root"
    />
  </button>
</div>
`;
